// Jest Snapshot v1, https://goo.gl/fbAQLP

exports[`renders without crashing 1`] = `
<div>
  <DataFetcher
    endpoint="/books"
    render={[Function]}
  />
  <DataFetcher
    endpoint="/authors"
    render={[Function]}
  />
</div>
`;
