// Jest Snapshot v1, https://goo.gl/fbAQLP

exports[`renders a list of authors 1`] = `
<div>
  <h1>
    Authors
  </h1>
  <li>
    J K Rowling
  </li>
  <li>
    George R R Martin
  </li>
</div>
`;
